Applications Memory Usage (kB):
Uptime: 512250 Realtime: 512238

** MEMINFO in pid 5810 [com.buytopia.snap] **
                   Pss      Pss   Shared  Private   Shared  Private  Swapped     Heap     Heap     Heap
                 Total    Clean    Dirty    Dirty    Clean    Clean    Dirty     Size    Alloc     Free
                ------   ------   ------   ------   ------   ------   ------   ------   ------   ------
  Native Heap     8099        0     1676     8060        0        0        0    16384    10630     5753
  Dalvik Heap    16551        0    17700    16140        0        0        0    40254    32093     8161
 Dalvik Other      524        0        8      524        0        0        0                           
        Stack      264        0        0      264        0        0        0                           
      Gfx dev     2156        0        0     2156        0        0        0                           
    Other dev        4        0       40        0        0        4        0                           
     .so mmap     3723     2228     1940      688     9164     2228        0                           
    .apk mmap      695      416        0        0     1632      416        0                           
    .ttf mmap      312      244        0        0      264      244        0                           
    .dex mmap     6496     6492        0        0        8     6492        0                           
    .oat mmap     1246      156        0        0    13408      156        0                           
    .art mmap     1460        0      992     1264     7256        0        0                           
   Other mmap       25        0        8        8      252        0        0                           
   EGL mtrack    13888        0        0    13888        0        0        0                           
    GL mtrack     6420        0        0     6420        0        0        0                           
      Unknown     9312        0       76     9312        0        0        0                           
        TOTAL    71175     9536    22440    58724    31984     9540        0    56638    42723    13914
 
 Dalvik Details
        .Heap     2644        0        0     2644        0        0        0                           
         .LOS    12332        0        0    12332        0        0        0                           
          .GC      392        0        0      392        0        0        0                           
      .Zygote      831        0    17700      420        0        0        0                           
   .NonMoving      744        0        0      744        0        0        0                           
 .IndirectRef      132        0        8      132        0        0        0                           
 
 Objects
               Views:       42         ViewRootImpl:        1
         AppContexts:        3           Activities:        1
              Assets:        8        AssetManagers:        8
       Local Binders:       38        Proxy Binders:       20
       Parcel memory:        7         Parcel count:       30
    Death Recipients:        1      OpenSSL Sockets:        2
 
 SQL
         MEMORY_USED:      426
  PAGECACHE_OVERFLOW:      176          MALLOC_SIZE:       62
 
 DATABASES
      pgsz     dbsz   Lookaside(b)          cache  Dbname
         4       36             99        11/41/6  /data/data/com.buytopia.snap/databases/SnapDB.sqlite
         4       20             27        74/32/5  /data/data/com.buytopia.snap/databases/ua_preferences.db
         4       20             35        39/35/8  /data/data/com.buytopia.snap/databases/ua_analytics.db
 
 Asset Allocations
    zip:/data/app/com.buytopia.snap-1/base.apk:/assets/OpenSans-Bold.ttf: 219K
    zip:/data/app/com.buytopia.snap-1/base.apk:/assets/OpenSans-Regular.ttf: 212K
    zip:/data/app/com.buytopia.snap-1/base.apk:/assets/OpenSans-Semibold.ttf: 216K
    zip:/data/app/com.buytopia.snap-1/base.apk:/assets/OpenSans-Semibold.ttf: 216K
    zip:/data/app/com.buytopia.snap-1/base.apk:/assets/OpenSans-Light.ttf: 217K
    zip:/data/app/com.buytopia.snap-1/base.apk:/assets/OpenSans-Semibold.ttf: 216K
